../Drivers/lvgl/src/indev/../core/../draw/../misc/../font/../draw/../misc/../stdlib/lv_string.h:73:20:lv_memzero	16	static
../Drivers/lvgl/src/indev/../core/lv_obj_style_gen.h:112:23:lv_obj_get_style_transform_scale_x	24	static
../Drivers/lvgl/src/indev/../core/lv_obj_style_gen.h:118:23:lv_obj_get_style_transform_scale_y	24	static
../Drivers/lvgl/src/indev/../core/lv_obj_style_gen.h:124:23:lv_obj_get_style_transform_rotation	24	static
../Drivers/lvgl/src/indev/../core/lv_obj_style_gen.h:664:24:lv_obj_get_style_rotary_sensitivity	24	static
../Drivers/lvgl/src/indev/../core/lv_obj_style.h:290:23:lv_obj_get_style_transform_scale_x_safe	24	static
../Drivers/lvgl/src/indev/../core/lv_obj_style.h:296:23:lv_obj_get_style_transform_scale_y_safe	24	static
../Drivers/lvgl/src/indev/lv_indev.c:88:20:indev_scroll_throw_anim_reset	16	static
../Drivers/lvgl/src/indev/lv_indev.c:114:14:lv_indev_create	16	static
../Drivers/lvgl/src/indev/lv_indev.c:146:6:lv_indev_delete	16	static
../Drivers/lvgl/src/indev/lv_indev.c:162:14:lv_indev_get_next	16	static
../Drivers/lvgl/src/indev/lv_indev.c:170:6:indev_read_core	16	static
../Drivers/lvgl/src/indev/lv_indev.c:201:6:lv_indev_read_timer_cb	16	static
../Drivers/lvgl/src/indev/lv_indev.c:206:6:lv_indev_read	48	static
../Drivers/lvgl/src/indev/lv_indev.c:274:6:lv_indev_enable	24	static
../Drivers/lvgl/src/indev/lv_indev.c:288:14:lv_indev_active	4	static
../Drivers/lvgl/src/indev/lv_indev.c:293:6:lv_indev_set_type	16	static
../Drivers/lvgl/src/indev/lv_indev.c:301:6:lv_indev_set_read_cb	16	static
../Drivers/lvgl/src/indev/lv_indev.c:308:6:lv_indev_set_user_data	16	static
../Drivers/lvgl/src/indev/lv_indev.c:314:6:lv_indev_set_driver_data	16	static
../Drivers/lvgl/src/indev/lv_indev.c:320:20:lv_indev_get_read_cb	16	static
../Drivers/lvgl/src/indev/lv_indev.c:330:17:lv_indev_get_type	16	static
../Drivers/lvgl/src/indev/lv_indev.c:337:18:lv_indev_get_state	16	static
../Drivers/lvgl/src/indev/lv_indev.c:344:14:lv_indev_get_group	16	static
../Drivers/lvgl/src/indev/lv_indev.c:351:16:lv_indev_get_display	16	static
../Drivers/lvgl/src/indev/lv_indev.c:358:6:lv_indev_set_display	16	static
../Drivers/lvgl/src/indev/lv_indev.c:365:6:lv_indev_set_long_press_time	16	static
../Drivers/lvgl/src/indev/lv_indev.c:372:6:lv_indev_set_scroll_limit	16	static
../Drivers/lvgl/src/indev/lv_indev.c:379:6:lv_indev_set_scroll_throw	16	static
../Drivers/lvgl/src/indev/lv_indev.c:386:8:lv_indev_get_user_data	16	static
../Drivers/lvgl/src/indev/lv_indev.c:392:8:lv_indev_get_driver_data	16	static
../Drivers/lvgl/src/indev/lv_indev.c:399:6:lv_indev_get_press_moved	16	static
../Drivers/lvgl/src/indev/lv_indev.c:406:6:lv_indev_reset	24	static
../Drivers/lvgl/src/indev/lv_indev.c:421:6:lv_indev_stop_processing	16	static
../Drivers/lvgl/src/indev/lv_indev.c:427:6:lv_indev_reset_long_press	16	static
../Drivers/lvgl/src/indev/lv_indev.c:434:6:lv_indev_set_cursor	24	static
../Drivers/lvgl/src/indev/lv_indev.c:445:6:lv_indev_set_group	16	static
../Drivers/lvgl/src/indev/lv_indev.c:452:6:lv_indev_set_button_points	16	static
../Drivers/lvgl/src/indev/lv_indev.c:459:6:lv_indev_get_point	16	static
../Drivers/lvgl/src/indev/lv_indev.c:475:10:lv_indev_get_gesture_dir	16	static
../Drivers/lvgl/src/indev/lv_indev.c:480:10:lv_indev_get_key	24	static
../Drivers/lvgl/src/indev/lv_indev.c:490:9:lv_indev_get_short_click_streak	16	static
../Drivers/lvgl/src/indev/lv_indev.c:495:10:lv_indev_get_scroll_dir	16	static
../Drivers/lvgl/src/indev/lv_indev.c:502:12:lv_indev_get_scroll_obj	16	static
../Drivers/lvgl/src/indev/lv_indev.c:509:6:lv_indev_get_vect	16	static
../Drivers/lvgl/src/indev/lv_indev.c:522:12:lv_indev_get_cursor	16	static
../Drivers/lvgl/src/indev/lv_indev.c:528:6:lv_indev_wait_release	16	static
../Drivers/lvgl/src/indev/lv_indev.c:534:12:lv_indev_get_active_obj	4	static
../Drivers/lvgl/src/indev/lv_indev.c:539:14:lv_indev_get_read_timer	16	static
../Drivers/lvgl/src/indev/lv_indev.c:549:17:lv_indev_get_mode	16	static
../Drivers/lvgl/src/indev/lv_indev.c:555:6:lv_indev_set_mode	16	static
../Drivers/lvgl/src/indev/lv_indev.c:573:12:lv_indev_search_obj	72	static
../Drivers/lvgl/src/indev/lv_indev.c:609:6:lv_indev_add_event_cb	24	static
../Drivers/lvgl/src/indev/lv_indev.c:616:10:lv_indev_get_event_count	16	static
../Drivers/lvgl/src/indev/lv_indev.c:622:18:lv_indev_get_event_dsc	16	static
../Drivers/lvgl/src/indev/lv_indev.c:629:6:lv_indev_remove_event	16	static
../Drivers/lvgl/src/indev/lv_indev.c:636:10:lv_indev_remove_event_cb_with_user_data	40	static
../Drivers/lvgl/src/indev/lv_indev.c:655:13:lv_indev_send_event	56	static
../Drivers/lvgl/src/indev/lv_indev.c:683:13:indev_pointer_proc	24	static
../Drivers/lvgl/src/indev/lv_indev.c:743:13:indev_keypad_proc	32	static
../Drivers/lvgl/src/indev/lv_indev.c:887:13:indev_encoder_proc	40	static
../Drivers/lvgl/src/indev/lv_indev.c:1116:13:indev_button_proc	24	static
../Drivers/lvgl/src/indev/lv_indev.c:1163:13:indev_proc_press	32	static
../Drivers/lvgl/src/indev/lv_indev.c:1321:13:indev_proc_release	80	static
../Drivers/lvgl/src/indev/lv_indev.c:1419:20:indev_proc_short_click	32	static
../Drivers/lvgl/src/indev/lv_indev.c:1453:13:indev_proc_pointer_diff	56	static
../Drivers/lvgl/src/indev/lv_indev.c:1487:19:pointer_search_obj	16	static
../Drivers/lvgl/src/indev/lv_indev.c:1510:13:indev_proc_reset_query_handler	16	static
../Drivers/lvgl/src/indev/lv_indev.c:1538:13:indev_click_focus	24	static
../Drivers/lvgl/src/indev/lv_indev.c:1606:6:indev_gesture	24	static
../Drivers/lvgl/src/indev/lv_indev.c:1661:13:indev_reset_check	16	static
../Drivers/lvgl/src/indev/lv_indev.c:1675:13:indev_stop_processing_check	16	static
../Drivers/lvgl/src/indev/lv_indev.c:1685:13:indev_reset_core	24	static
../Drivers/lvgl/src/indev/lv_indev.c:1725:20:send_event	24	static
../Drivers/lvgl/src/indev/lv_indev.c:1752:13:indev_scroll_throw_anim_cb	24	static
../Drivers/lvgl/src/indev/lv_indev.c:1768:13:indev_scroll_throw_anim_completed_cb	16	static
../Drivers/lvgl/src/indev/lv_indev.c:1775:13:indev_scroll_throw_anim_start	104	static
