../Core/Src/main.c:76:6:HAL_CAN_RxFifo0MsgPendingCallback	16	static
../Core/Src/main.c:81:6:HAL_GPIO_EXTI_Callback	16	static
../Core/Src/main.c:108:6:HAL_TIM_PeriodElapsedCallback	24	static
../Core/Src/main.c:127:5:main	8	static
../Core/Src/main.c:189:6:SystemClock_Config	88	static
../Core/Src/main.c:236:13:MX_CAN1_Init	48	static
../Core/Src/main.c:286:13:MX_TIM2_Init	40	static
../Core/Src/main.c:331:13:MX_TIM3_Init	40	static
../Core/Src/main.c:376:13:MX_TIM8_Init	40	static
../Core/Src/main.c:423:13:MX_GPIO_Init	56	static
../Core/Src/main.c:488:6:MPU_Config	24	static
../Core/Src/main.c:519:6:Error_Handler	4	static,ignoring_inline_asm
