../Drivers/lvgl/src/widgets/roller/lv_roller.c:868:13:set_y_anim	0	static
../Drivers/lvgl/src/widgets/roller/../../../../lvgl/src/core/../../../lvgl/src/core/../../../lvgl/src/core/../../../lvgl/src/core/lv_obj_style_gen.h:550:33:lv_obj_get_style_text_font	16	static
../Drivers/lvgl/src/widgets/roller/lv_roller.c:844:19:get_label	0	static
../Drivers/lvgl/src/widgets/roller/../../../../lvgl/src/core/../../../lvgl/src/core/../../../lvgl/src/core/../../../lvgl/src/core/lv_obj_style_gen.h:562:23:lv_obj_get_style_text_line_space.constprop	16	static
../Drivers/lvgl/src/widgets/roller/lv_roller.c:644:13:get_sel_area	40	static
../Drivers/lvgl/src/widgets/roller/lv_roller.c:817:13:inf_normalize	24	static
../Drivers/lvgl/src/widgets/roller/lv_roller.c:862:13:scroll_anim_completed_cb	8	static
../Drivers/lvgl/src/widgets/roller/lv_roller.c:668:13:refr_position	120	static
../Drivers/lvgl/src/widgets/roller/lv_roller.c:128:6:lv_roller_set_options.part.0	48	static
../Drivers/lvgl/src/widgets/roller/lv_roller.c:335:13:lv_roller_constructor	16	static
../Drivers/lvgl/src/widgets/roller/lv_roller.c:512:13:draw_main	248	static
../Drivers/lvgl/src/widgets/roller/lv_roller.c:873:13:transform_vect_recursive	40	static
../Drivers/lvgl/src/widgets/roller/lv_roller.c:849:16:get_selected_label_width	40	static
../Drivers/lvgl/src/widgets/roller/lv_roller.c:481:13:lv_roller_label_event	200	static
../Drivers/lvgl/src/widgets/roller/lv_roller.c:116:12:lv_roller_create	8	static
../Drivers/lvgl/src/widgets/roller/lv_roller.c:128:6:lv_roller_set_options	0	static
../Drivers/lvgl/src/widgets/roller/lv_roller.c:189:6:lv_roller_set_selected	16	static
../Drivers/lvgl/src/widgets/roller/lv_roller.c:357:13:lv_roller_event	56	static
../Drivers/lvgl/src/widgets/roller/lv_roller.c:223:6:lv_roller_set_visible_row_count	32	static
../Drivers/lvgl/src/widgets/roller/lv_roller.c:237:10:lv_roller_get_selected	0	static
../Drivers/lvgl/src/widgets/roller/lv_roller.c:251:6:lv_roller_get_selected_str	24	static
../Drivers/lvgl/src/widgets/roller/lv_roller.c:311:14:lv_roller_get_options	8	static
../Drivers/lvgl/src/widgets/roller/lv_roller.c:278:6:lv_roller_set_selected_str	32	static
../Drivers/lvgl/src/widgets/roller/lv_roller.c:318:10:lv_roller_get_option_count	0	static
