../Drivers/lvgl/src/misc/cache/lv_cache_entry.c:50:6:lv_cache_entry_reset_ref	0	static
../Drivers/lvgl/src/misc/cache/lv_cache_entry.c:55:6:lv_cache_entry_inc_ref	0	static
../Drivers/lvgl/src/misc/cache/lv_cache_entry.c:60:6:lv_cache_entry_dec_ref	0	static
../Drivers/lvgl/src/misc/cache/lv_cache_entry.c:69:9:lv_cache_entry_get_ref	0	static
../Drivers/lvgl/src/misc/cache/lv_cache_entry.c:74:10:lv_cache_entry_get_node_size	0	static
../Drivers/lvgl/src/misc/cache/lv_cache_entry.c:78:6:lv_cache_entry_set_node_size	0	static
../Drivers/lvgl/src/misc/cache/lv_cache_entry.c:83:6:lv_cache_entry_set_invalid	0	static
../Drivers/lvgl/src/misc/cache/lv_cache_entry.c:88:6:lv_cache_entry_is_invalid	0	static
../Drivers/lvgl/src/misc/cache/lv_cache_entry.c:93:8:lv_cache_entry_get_data	0	static
../Drivers/lvgl/src/misc/cache/lv_cache_entry.c:98:8:lv_cache_entry_acquire_data	8	static
../Drivers/lvgl/src/misc/cache/lv_cache_entry.c:105:6:lv_cache_entry_release_data	0	static
../Drivers/lvgl/src/misc/cache/lv_cache_entry.c:117:20:lv_cache_entry_get_entry	0	static
../Drivers/lvgl/src/misc/cache/lv_cache_entry.c:122:6:lv_cache_entry_set_cache	0	static
../Drivers/lvgl/src/misc/cache/lv_cache_entry.c:127:20:lv_cache_entry_get_cache	0	static
../Drivers/lvgl/src/misc/cache/lv_cache_entry.c:133:10:lv_cache_entry_get_size	0	static
../Drivers/lvgl/src/misc/cache/lv_cache_entry.c:149:6:lv_cache_entry_init	0	static
../Drivers/lvgl/src/misc/cache/lv_cache_entry.c:137:20:lv_cache_entry_alloc	16	static
../Drivers/lvgl/src/misc/cache/lv_cache_entry.c:159:6:lv_cache_entry_delete	8	static
