../Drivers/lvgl/src/stdlib/lv_mem.c:62:8:lv_malloc	0	static
../Drivers/lvgl/src/stdlib/lv_mem.c:92:8:lv_malloc_zeroed	16	static
../Drivers/lvgl/src/stdlib/lv_mem.c:119:8:lv_calloc	0	static
../Drivers/lvgl/src/stdlib/lv_mem.c:125:8:lv_zalloc	0	static
../Drivers/lvgl/src/stdlib/lv_mem.c:130:6:lv_free	0	static
../Drivers/lvgl/src/stdlib/lv_mem.c:139:8:lv_realloc	8	static
../Drivers/lvgl/src/stdlib/lv_mem.c:161:13:lv_mem_test	0	static
../Drivers/lvgl/src/stdlib/lv_mem.c:171:6:lv_mem_monitor	8	static
