../Drivers/lvgl/src/draw/sw/lv_draw_sw.c:164:6:lv_draw_sw_init	16	static
../Drivers/lvgl/src/draw/sw/lv_draw_sw.c:190:6:lv_draw_sw_deinit	8	static
../Drivers/lvgl/src/draw/sw/lv_draw_sw.c:201:16:lv_draw_sw_delete	16	static
../Drivers/lvgl/src/draw/sw/lv_draw_sw.c:220:6:lv_draw_sw_rgb565_swap	32	static
../Drivers/lvgl/src/draw/sw/lv_draw_sw.c:254:6:lv_draw_sw_i1_invert	32	static
../Drivers/lvgl/src/draw/sw/lv_draw_sw.c:285:6:lv_draw_sw_i1_convert_to_vtiled	56	static
../Drivers/lvgl/src/draw/sw/lv_draw_sw.c:314:6:lv_draw_sw_rotate	32	static
../Drivers/lvgl/src/draw/sw/lv_draw_sw.c:411:20:execute_drawing_unit	16	static
../Drivers/lvgl/src/draw/sw/lv_draw_sw.c:422:16:evaluate	24	static
../Drivers/lvgl/src/draw/sw/lv_draw_sw.c:464:16:dispatch	32	static
../Drivers/lvgl/src/draw/sw/lv_draw_sw.c:533:13:execute_drawing	24	static
../Drivers/lvgl/src/draw/sw/lv_draw_sw.c:630:13:rotate270_argb8888	40	static
../Drivers/lvgl/src/draw/sw/lv_draw_sw.c:651:13:rotate180_argb8888	40	static
../Drivers/lvgl/src/draw/sw/lv_draw_sw.c:671:13:rotate90_argb8888	40	static
../Drivers/lvgl/src/draw/sw/lv_draw_sw.c:695:13:rotate90_rgb888	40	static
../Drivers/lvgl/src/draw/sw/lv_draw_sw.c:714:13:rotate180_rgb888	40	static
../Drivers/lvgl/src/draw/sw/lv_draw_sw.c:732:13:rotate270_rgb888	40	static
../Drivers/lvgl/src/draw/sw/lv_draw_sw.c:754:13:rotate270_rgb565	40	static
../Drivers/lvgl/src/draw/sw/lv_draw_sw.c:775:13:rotate180_rgb565	40	static
../Drivers/lvgl/src/draw/sw/lv_draw_sw.c:794:13:rotate90_rgb565	40	static
../Drivers/lvgl/src/draw/sw/lv_draw_sw.c:820:13:rotate90_l8	40	static
../Drivers/lvgl/src/draw/sw/lv_draw_sw.c:838:13:rotate180_l8	40	static
../Drivers/lvgl/src/draw/sw/lv_draw_sw.c:854:13:rotate270_l8	40	static
