../Drivers/lvgl/src/core/../misc/../font/../draw/../misc/../stdlib/lv_string.h:73:20:lv_memzero	16	static
../Drivers/lvgl/src/core/../misc/lv_bidi.h:71:20:lv_bidi_calculate_align	24	static
../Drivers/lvgl/src/core/../misc/lv_style.h:406:20:lv_style_is_const	16	static
../Drivers/lvgl/src/core/../misc/lv_style.h:500:30:lv_style_get_prop_inlined	48	static
../Drivers/lvgl/src/core/../misc/lv_style.h:540:24:lv_style_get_prop_group	24	static
../Drivers/lvgl/src/core/../misc/lv_style.h:614:20:lv_style_prop_has_flag	16	static
../Drivers/lvgl/src/core/lv_obj_style.h:184:26:lv_obj_style_get_selector_state	16	static
../Drivers/lvgl/src/core/lv_obj_style.h:189:25:lv_obj_style_get_selector_part	16	static
../Drivers/lvgl/src/core/lv_obj_style_gen.h:22:23:lv_obj_get_style_width	24	static
../Drivers/lvgl/src/core/lv_obj_style_gen.h:40:23:lv_obj_get_style_height	24	static
../Drivers/lvgl/src/core/lv_obj_style_gen.h:112:23:lv_obj_get_style_transform_scale_x	24	static
../Drivers/lvgl/src/core/lv_obj_style_gen.h:118:23:lv_obj_get_style_transform_scale_y	24	static
../Drivers/lvgl/src/core/lv_obj_style_gen.h:124:23:lv_obj_get_style_transform_rotation	24	static
../Drivers/lvgl/src/core/lv_obj_style_gen.h:142:23:lv_obj_get_style_transform_skew_x	24	static
../Drivers/lvgl/src/core/lv_obj_style_gen.h:148:23:lv_obj_get_style_transform_skew_y	24	static
../Drivers/lvgl/src/core/lv_obj_style_gen.h:574:31:lv_obj_get_style_text_align	24	static
../Drivers/lvgl/src/core/lv_obj_style_gen.h:598:24:lv_obj_get_style_opa	24	static
../Drivers/lvgl/src/core/lv_obj_style_gen.h:604:24:lv_obj_get_style_opa_layered	24	static
../Drivers/lvgl/src/core/lv_obj_style_gen.h:610:45:lv_obj_get_style_color_filter_dsc	24	static
../Drivers/lvgl/src/core/lv_obj_style_gen.h:616:24:lv_obj_get_style_color_filter_opa	24	static
../Drivers/lvgl/src/core/lv_obj_style_gen.h:640:31:lv_obj_get_style_blend_mode	24	static
../Drivers/lvgl/src/core/lv_obj_style_gen.h:652:29:lv_obj_get_style_base_dir	24	static
../Drivers/lvgl/src/core/lv_obj_style_gen.h:658:28:lv_obj_get_style_bitmap_mask_src	24	static
../Drivers/lvgl/src/core/lv_obj_style.c:84:6:lv_obj_style_init	8	static
../Drivers/lvgl/src/core/lv_obj_style.c:89:6:lv_obj_style_deinit	8	static
../Drivers/lvgl/src/core/lv_obj_style.c:98:6:lv_obj_add_style	40	static
../Drivers/lvgl/src/core/lv_obj_style.c:157:6:lv_obj_replace_style	48	static
../Drivers/lvgl/src/core/lv_obj_style.c:203:6:lv_obj_remove_style	56	static
../Drivers/lvgl/src/core/lv_obj_style.c:256:6:lv_obj_remove_style_all	16	static
../Drivers/lvgl/src/core/lv_obj_style.c:261:6:lv_obj_report_style_change	24	static
../Drivers/lvgl/src/core/lv_obj_style.c:275:6:lv_obj_refresh_style	40	static
../Drivers/lvgl/src/core/lv_obj_style.c:325:6:lv_obj_enable_style_refresh	16	static
../Drivers/lvgl/src/core/lv_obj_style.c:330:18:lv_obj_get_style_prop	40	static
../Drivers/lvgl/src/core/lv_obj_style.c:344:6:lv_obj_has_style_prop	32	static
../Drivers/lvgl/src/core/lv_obj_style.c:357:6:lv_obj_set_local_style_prop	32	static
../Drivers/lvgl/src/core/lv_obj_style.c:386:16:lv_obj_get_local_style_prop	32	static
../Drivers/lvgl/src/core/lv_obj_style.c:400:6:lv_obj_remove_local_style_prop	32	static
../Drivers/lvgl/src/core/lv_obj_style.c:425:6:lv_obj_style_create_transition	136	static
../Drivers/lvgl/src/core/lv_obj_style.c:480:18:lv_obj_style_apply_color_filter	40	static
../Drivers/lvgl/src/core/lv_obj_style.c:491:22:lv_obj_style_state_compare	40	static
../Drivers/lvgl/src/core/lv_obj_style.c:552:6:lv_obj_fade_in	112	static
../Drivers/lvgl/src/core/lv_obj_style.c:565:6:lv_obj_fade_out	112	static
../Drivers/lvgl/src/core/lv_obj_style.c:577:17:lv_obj_calculate_style_text_align	32	static
../Drivers/lvgl/src/core/lv_obj_style.c:585:10:lv_obj_get_style_opa_recursive	24	static
../Drivers/lvgl/src/core/lv_obj_style.c:618:6:lv_obj_update_layer_type	24	static
../Drivers/lvgl/src/core/lv_obj_style.c:639:21:get_local_style	32	static
../Drivers/lvgl/src/core/lv_obj_style.c:677:25:get_trans_style	32	static
../Drivers/lvgl/src/core/lv_obj_style.c:704:23:get_prop_core	72	static
../Drivers/lvgl/src/core/lv_obj_style.c:763:13:report_style_change_core	24	static
../Drivers/lvgl/src/core/lv_obj_style.c:785:13:refresh_children_style	32	static
../Drivers/lvgl/src/core/lv_obj_style.c:808:13:trans_delete	40	static
../Drivers/lvgl/src/core/lv_obj_style.c:842:13:trans_anim_cb	40	static
../Drivers/lvgl/src/core/lv_obj_style.c:906:13:trans_anim_start_cb	40	static
../Drivers/lvgl/src/core/lv_obj_style.c:929:13:trans_anim_completed_cb	48	static
../Drivers/lvgl/src/core/lv_obj_style.c:967:24:calculate_layer_type	16	static
../Drivers/lvgl/src/core/lv_obj_style.c:980:13:full_cache_refresh	16	static
../Drivers/lvgl/src/core/lv_obj_style.c:1030:13:fade_anim_cb	16	static
../Drivers/lvgl/src/core/lv_obj_style.c:1035:13:fade_in_anim_completed	16	static
../Drivers/lvgl/src/core/lv_obj_style.c:1040:13:style_has_flag	32	static
../Drivers/lvgl/src/core/lv_obj_style.c:1063:23:get_selector_style_prop	40	static
