../Drivers/lvgl/src/indev/lv_indev.c:1653:13:indev_reset_check	0	static
../Drivers/lvgl/src/indev/lv_indev.c:1502:13:indev_proc_reset_query_handler	0	static
../Drivers/lvgl/src/indev/lv_indev.c:1744:13:indev_scroll_throw_anim_cb	8	static
../Drivers/lvgl/src/indev/lv_indev.c:1760:13:indev_scroll_throw_anim_completed_cb	0	static
../Drivers/lvgl/src/indev/lv_indev.c:106:14:lv_indev_create	8	static
../Drivers/lvgl/src/indev/lv_indev.c:154:14:lv_indev_get_next	0	static
../Drivers/lvgl/src/indev/lv_indev.c:266:6:lv_indev_enable	8	static
../Drivers/lvgl/src/indev/lv_indev.c:280:14:lv_indev_active	0	static
../Drivers/lvgl/src/indev/lv_indev.c:285:6:lv_indev_set_type	0	static
../Drivers/lvgl/src/indev/lv_indev.c:293:6:lv_indev_set_read_cb	0	static
../Drivers/lvgl/src/indev/lv_indev.c:300:6:lv_indev_set_user_data	0	static
../Drivers/lvgl/src/indev/lv_indev.c:306:6:lv_indev_set_driver_data	0	static
../Drivers/lvgl/src/indev/lv_indev.c:312:20:lv_indev_get_read_cb	0	static
../Drivers/lvgl/src/indev/lv_indev.c:322:17:lv_indev_get_type	0	static
../Drivers/lvgl/src/indev/lv_indev.c:329:18:lv_indev_get_state	0	static
../Drivers/lvgl/src/indev/lv_indev.c:336:14:lv_indev_get_group	0	static
../Drivers/lvgl/src/indev/lv_indev.c:343:16:lv_indev_get_display	0	static
../Drivers/lvgl/src/indev/lv_indev.c:350:6:lv_indev_set_display	0	static
../Drivers/lvgl/src/indev/lv_indev.c:357:6:lv_indev_set_long_press_time	0	static
../Drivers/lvgl/src/indev/lv_indev.c:364:6:lv_indev_set_scroll_limit	0	static
../Drivers/lvgl/src/indev/lv_indev.c:371:6:lv_indev_set_scroll_throw	0	static
../Drivers/lvgl/src/indev/lv_indev.c:378:8:lv_indev_get_user_data	0	static
../Drivers/lvgl/src/indev/lv_indev.c:384:8:lv_indev_get_driver_data	0	static
../Drivers/lvgl/src/indev/lv_indev.c:391:6:lv_indev_get_press_moved	0	static
../Drivers/lvgl/src/indev/lv_indev.c:413:6:lv_indev_stop_processing	0	static
../Drivers/lvgl/src/indev/lv_indev.c:419:6:lv_indev_reset_long_press	8	static
../Drivers/lvgl/src/indev/lv_indev.c:426:6:lv_indev_set_cursor	16	static
../Drivers/lvgl/src/indev/lv_indev.c:437:6:lv_indev_set_group	0	static
../Drivers/lvgl/src/indev/lv_indev.c:444:6:lv_indev_set_button_points	0	static
../Drivers/lvgl/src/indev/lv_indev.c:451:6:lv_indev_get_point	0	static
../Drivers/lvgl/src/indev/lv_indev.c:467:10:lv_indev_get_gesture_dir	0	static
../Drivers/lvgl/src/indev/lv_indev.c:472:10:lv_indev_get_key	0	static
../Drivers/lvgl/src/indev/lv_indev.c:482:9:lv_indev_get_short_click_streak	0	static
../Drivers/lvgl/src/indev/lv_indev.c:487:10:lv_indev_get_scroll_dir	0	static
../Drivers/lvgl/src/indev/lv_indev.c:494:12:lv_indev_get_scroll_obj	0	static
../Drivers/lvgl/src/indev/lv_indev.c:501:6:lv_indev_get_vect	0	static
../Drivers/lvgl/src/indev/lv_indev.c:514:12:lv_indev_get_cursor	0	static
../Drivers/lvgl/src/indev/lv_indev.c:520:6:lv_indev_wait_release	0	static
../Drivers/lvgl/src/indev/lv_indev.c:526:12:lv_indev_get_active_obj	0	static
../Drivers/lvgl/src/indev/lv_indev.c:531:14:lv_indev_get_read_timer	0	static
../Drivers/lvgl/src/indev/lv_indev.c:541:17:lv_indev_get_mode	0	static
../Drivers/lvgl/src/indev/lv_indev.c:547:6:lv_indev_set_mode	8	static
../Drivers/lvgl/src/indev/lv_indev.c:565:12:lv_indev_search_obj	48	static
../Drivers/lvgl/src/indev/lv_indev.c:1479:19:pointer_search_obj	16	static
../Drivers/lvgl/src/indev/lv_indev.c:601:6:lv_indev_add_event_cb	0	static
../Drivers/lvgl/src/indev/lv_indev.c:608:10:lv_indev_get_event_count	0	static
../Drivers/lvgl/src/indev/lv_indev.c:614:18:lv_indev_get_event_dsc	0	static
../Drivers/lvgl/src/indev/lv_indev.c:621:6:lv_indev_remove_event	0	static
../Drivers/lvgl/src/indev/lv_indev.c:628:10:lv_indev_remove_event_cb_with_user_data	24	static
../Drivers/lvgl/src/indev/lv_indev.c:647:13:lv_indev_send_event	48	static
../Drivers/lvgl/src/indev/lv_indev.c:138:6:lv_indev_delete	8	static
../Drivers/lvgl/src/indev/lv_indev.c:1717:20:send_event	24	static
../Drivers/lvgl/src/indev/lv_indev.c:1411:20:indev_proc_short_click	16	static
../Drivers/lvgl/src/indev/lv_indev.c:1155:13:indev_proc_press	24	static
../Drivers/lvgl/src/indev/lv_indev.c:1313:13:indev_proc_release	136	static
../Drivers/lvgl/src/indev/lv_indev.c:198:6:lv_indev_read	72	static
../Drivers/lvgl/src/indev/lv_indev.c:193:6:lv_indev_read_timer_cb	0	static
../Drivers/lvgl/src/indev/lv_indev.c:1677:13:indev_reset_core	16	static
../Drivers/lvgl/src/indev/lv_indev.c:398:6:lv_indev_reset	16	static
