../Drivers/CMSIS/Include/core_cm7.h:2229:22:SCB_EnableICache	4	static,ignoring_inline_asm
C:/Users/corre/coding/November-Car-2/Dashboard/Drivers/lvgl/src/lv_api_map.h:35:51:lv_task_handler	8	static
../Core/Src/main.c:89:6:HAL_CAN_RxFifo0MsgPendingCallback	16	static
../Core/Src/main.c:99:5:main	16	static
../Core/Src/main.c:176:6:SystemClock_Config	88	static
../Core/Src/main.c:231:13:MX_ADC1_Init	24	static
../Core/Src/main.c:283:13:MX_CAN1_Init	48	static
../Core/Src/main.c:335:13:MX_DMA2D_Init	8	static
../Core/Src/main.c:374:13:MX_LTDC_Init	64	static
../Core/Src/main.c:436:13:MX_TIM2_Init	40	static
../Core/Src/main.c:481:13:MX_TIM12_Init	56	static
../Core/Src/main.c:533:13:MX_USART3_UART_Init	8	static
../Core/Src/main.c:568:13:MX_GPIO_Init	64	static
../Core/Src/main.c:658:6:Error_Handler	4	static,ignoring_inline_asm
