../Drivers/lvgl/src/widgets/calendar/lv_calendar_header_dropdown.c:102:13:my_constructor	16	static
../Drivers/lvgl/src/widgets/calendar/lv_calendar_header_dropdown.c:164:13:value_changed_event_cb	16	static
../Drivers/lvgl/src/widgets/calendar/lv_calendar_header_dropdown.c:127:13:month_event_cb	16	static
../Drivers/lvgl/src/widgets/calendar/lv_calendar_header_dropdown.c:142:13:year_event_cb	24	static
../Drivers/lvgl/src/widgets/calendar/lv_calendar_header_dropdown.c:65:12:lv_calendar_header_dropdown_create	8	static
../Drivers/lvgl/src/widgets/calendar/lv_calendar_header_dropdown.c:73:6:lv_calendar_header_dropdown_set_year_list	16	static
