20:08:46 **** Incremental Build of configuration Debug for project Dashboard ****
make -j22 all 
arm-none-eabi-gcc "../Core/Src/main.c" -mcpu=cortex-m7 -std=gnu11 -g3 -DDEBUG -DUSE_HAL_DRIVER -DSTM32F767xx -c -I../Core/Inc -I"C:/Users/corre/coding/November-Car-2/Dashboard/Drivers/UI" -I"C:/Users/corre/coding/November-Car-2/Dashboard/Drivers/lvgl" -I../Drivers/STM32F7xx_HAL_Driver/Inc -I../Drivers/STM32F7xx_HAL_Driver/Inc/Legacy -I../Drivers/CMSIS/Device/ST/STM32F7xx/Include -I../Drivers/CMSIS/Include -O0 -ffunction-sections -fdata-sections -Wall -fstack-usage -fcyclomatic-complexity -MMD -MP -MF"Core/Src/main.d" -MT"Core/Src/main.o" --specs=nano.specs -mfpu=fpv5-d16 -mfloat-abi=hard -mthumb -o "Core/Src/main.o"
../Core/Src/main.c: In function 'main':
../Core/Src/main.c:300:3: warning: implicit declaration of function 'lv_port_disp_init' [-Wimplicit-function-declaration]
  300 |   lv_port_disp_init(&hltdc);
      |   ^~~~~~~~~~~~~~~~~
arm-none-eabi-gcc -o "Dashboard.elf" @"objects.list"   -mcpu=cortex-m7 -T"C:\Users\corre\coding\November-Car-2\Dashboard\STM32F767ZITX_FLASH.ld" --specs=nosys.specs -Wl,-Map="Dashboard.map" -Wl,--gc-sections -static --specs=nano.specs -mfpu=fpv5-d16 -mfloat-abi=hard -mthumb -Wl,--start-group -lc -lm -Wl,--end-group
C:/ST/STM32CubeIDE_1.16.1/STM32CubeIDE/plugins/com.st.stm32cube.ide.mcu.externaltools.gnu-tools-for-stm32.12.3.rel1.win32_1.1.0.202410251130/tools/bin/../lib/gcc/arm-none-eabi/12.3.1/../../../../arm-none-eabi/bin/ld.exe: warning: Dashboard.elf has a LOAD segment with RWX permissions
Finished building target: Dashboard.elf
 
arm-none-eabi-size  Dashboard.elf 
arm-none-eabi-objdump -h -S Dashboard.elf  > "Dashboard.list"
   text	   data	    bss	    dec	    hex	filename
 739364	    836	 445108	1185308	 12161c	Dashboard.elf
Finished building: default.size.stdout
 
Finished building: Dashboard.list
 

20:08:59 Build Finished. 0 errors, 2 warnings. (took 12s.801ms)

