16:31:35 **** Build of configuration Debug for project Dashboard ****
make -j22 all 
arm-none-eabi-gcc "../Core/Src/board_params.c" -mcpu=cortex-m7 -std=gnu11 -g3 -DDEBUG -DUSE_HAL_DRIVER -DSTM32F767xx -c -I../Core/Inc -I"C:/Users/corre/coding/November-Car-2/Dashboard/Drivers/UI" -I"C:/Users/corre/coding/November-Car-2/Dashboard/Drivers/lvgl" -I../Drivers/STM32F7xx_HAL_Driver/Inc -I../Drivers/STM32F7xx_HAL_Driver/Inc/Legacy -I../Drivers/CMSIS/Device/ST/STM32F7xx/Include -I../Drivers/CMSIS/Include -O0 -ffunction-sections -fdata-sections -Wall -fstack-usage -fcyclomatic-complexity -MMD -MP -MF"Core/Src/board_params.d" -MT"Core/Src/board_params.o" --specs=nano.specs -mfpu=fpv5-d16 -mfloat-abi=hard -mthumb -o "Core/Src/board_params.o"
arm-none-eabi-gcc "../Core/Src/board_specific_params.c" -mcpu=cortex-m7 -std=gnu11 -g3 -DDEBUG -DUSE_HAL_DRIVER -DSTM32F767xx -c -I../Core/Inc -I"C:/Users/corre/coding/November-Car-2/Dashboard/Drivers/UI" -I"C:/Users/corre/coding/November-Car-2/Dashboard/Drivers/lvgl" -I../Drivers/STM32F7xx_HAL_Driver/Inc -I../Drivers/STM32F7xx_HAL_Driver/Inc/Legacy -I../Drivers/CMSIS/Device/ST/STM32F7xx/Include -I../Drivers/CMSIS/Include -O0 -ffunction-sections -fdata-sections -Wall -fstack-usage -fcyclomatic-complexity -MMD -MP -MF"Core/Src/board_specific_params.d" -MT"Core/Src/board_specific_params.o" --specs=nano.specs -mfpu=fpv5-d16 -mfloat-abi=hard -mthumb -o "Core/Src/board_specific_params.o"
arm-none-eabi-gcc "../Core/Src/main.c" -mcpu=cortex-m7 -std=gnu11 -g3 -DDEBUG -DUSE_HAL_DRIVER -DSTM32F767xx -c -I../Core/Inc -I"C:/Users/corre/coding/November-Car-2/Dashboard/Drivers/UI" -I"C:/Users/corre/coding/November-Car-2/Dashboard/Drivers/lvgl" -I../Drivers/STM32F7xx_HAL_Driver/Inc -I../Drivers/STM32F7xx_HAL_Driver/Inc/Legacy -I../Drivers/CMSIS/Device/ST/STM32F7xx/Include -I../Drivers/CMSIS/Include -O0 -ffunction-sections -fdata-sections -Wall -fstack-usage -fcyclomatic-complexity -MMD -MP -MF"Core/Src/main.d" -MT"Core/Src/main.o" --specs=nano.specs -mfpu=fpv5-d16 -mfloat-abi=hard -mthumb -o "Core/Src/main.o"
arm-none-eabi-gcc "../Core/Src/stm32f7xx_it.c" -mcpu=cortex-m7 -std=gnu11 -g3 -DDEBUG -DUSE_HAL_DRIVER -DSTM32F767xx -c -I../Core/Inc -I"C:/Users/corre/coding/November-Car-2/Dashboard/Drivers/UI" -I"C:/Users/corre/coding/November-Car-2/Dashboard/Drivers/lvgl" -I../Drivers/STM32F7xx_HAL_Driver/Inc -I../Drivers/STM32F7xx_HAL_Driver/Inc/Legacy -I../Drivers/CMSIS/Device/ST/STM32F7xx/Include -I../Drivers/CMSIS/Include -O0 -ffunction-sections -fdata-sections -Wall -fstack-usage -fcyclomatic-complexity -MMD -MP -MF"Core/Src/stm32f7xx_it.d" -MT"Core/Src/stm32f7xx_it.o" --specs=nano.specs -mfpu=fpv5-d16 -mfloat-abi=hard -mthumb -o "Core/Src/stm32f7xx_it.o"
arm-none-eabi-gcc "../Core/Src/sys_can_receive.c" -mcpu=cortex-m7 -std=gnu11 -g3 -DDEBUG -DUSE_HAL_DRIVER -DSTM32F767xx -c -I../Core/Inc -I"C:/Users/corre/coding/November-Car-2/Dashboard/Drivers/UI" -I"C:/Users/corre/coding/November-Car-2/Dashboard/Drivers/lvgl" -I../Drivers/STM32F7xx_HAL_Driver/Inc -I../Drivers/STM32F7xx_HAL_Driver/Inc/Legacy -I../Drivers/CMSIS/Device/ST/STM32F7xx/Include -I../Drivers/CMSIS/Include -O0 -ffunction-sections -fdata-sections -Wall -fstack-usage -fcyclomatic-complexity -MMD -MP -MF"Core/Src/sys_can_receive.d" -MT"Core/Src/sys_can_receive.o" --specs=nano.specs -mfpu=fpv5-d16 -mfloat-abi=hard -mthumb -o "Core/Src/sys_can_receive.o"
arm-none-eabi-gcc "../Core/Src/sys_can_transmit.c" -mcpu=cortex-m7 -std=gnu11 -g3 -DDEBUG -DUSE_HAL_DRIVER -DSTM32F767xx -c -I../Core/Inc -I"C:/Users/corre/coding/November-Car-2/Dashboard/Drivers/UI" -I"C:/Users/corre/coding/November-Car-2/Dashboard/Drivers/lvgl" -I../Drivers/STM32F7xx_HAL_Driver/Inc -I../Drivers/STM32F7xx_HAL_Driver/Inc/Legacy -I../Drivers/CMSIS/Device/ST/STM32F7xx/Include -I../Drivers/CMSIS/Include -O0 -ffunction-sections -fdata-sections -Wall -fstack-usage -fcyclomatic-complexity -MMD -MP -MF"Core/Src/sys_can_transmit.d" -MT"Core/Src/sys_can_transmit.o" --specs=nano.specs -mfpu=fpv5-d16 -mfloat-abi=hard -mthumb -o "Core/Src/sys_can_transmit.o"
../Core/Src/stm32f7xx_it.c: In function 'SysTick_Handler':
../Core/Src/stm32f7xx_it.c:189:3: warning: implicit declaration of function 'lv_tick_inc' [-Wimplicit-function-declaration]
  189 |   lv_tick_inc(1);
      |   ^~~~~~~~~~~
../Core/Src/stm32f7xx_it.c: In function 'DMA2D_IRQHandler':
../Core/Src/stm32f7xx_it.c:242:3: warning: implicit declaration of function 'dma2d_done' [-Wimplicit-function-declaration]
  242 |   dma2d_done(hdma2d);
      |   ^~~~~~~~~~
../Core/Src/main.c: In function 'main':
../Core/Src/main.c:147:3: warning: implicit declaration of function 'lv_port_disp_init' [-Wimplicit-function-declaration]
  147 |   lv_port_disp_init(&hltdc);
      |   ^~~~~~~~~~~~~~~~~
arm-none-eabi-gcc -o "Dashboard.elf" @"objects.list"   -mcpu=cortex-m7 -T"C:\Users\corre\coding\November-Car-2\Dashboard\STM32F767ZITX_FLASH.ld" --specs=nosys.specs -Wl,-Map="Dashboard.map" -Wl,--gc-sections -static --specs=nano.specs -mfpu=fpv5-d16 -mfloat-abi=hard -mthumb -Wl,--start-group -lc -lm -Wl,--end-group
C:/ST/STM32CubeIDE_1.16.1/STM32CubeIDE/plugins/com.st.stm32cube.ide.mcu.externaltools.gnu-tools-for-stm32.12.3.rel1.win32_1.1.0.202410251130/tools/bin/../lib/gcc/arm-none-eabi/12.3.1/../../../../arm-none-eabi/bin/ld.exe: warning: Dashboard.elf has a LOAD segment with RWX permissions
Finished building target: Dashboard.elf
 
arm-none-eabi-size  Dashboard.elf 
arm-none-eabi-objdump -h -S Dashboard.elf  > "Dashboard.list"
   text	   data	    bss	    dec	    hex	filename
 728772	    840	 444904	1174516	 11ebf4	Dashboard.elf
Finished building: default.size.stdout
 
Finished building: Dashboard.list
 

16:31:49 Build Finished. 0 errors, 4 warnings. (took 13s.810ms)

