21:32:36 **** Incremental Build of configuration Debug for project DisplayTest3 ****
make -j22 all 
arm-none-eabi-gcc "../Core/Src/stm32f7xx_hal_msp.c" -mcpu=cortex-m7 -std=gnu11 -g3 -DDEBUG -DUSE_HAL_DRIVER -DSTM32F767xx -c -I../Core/Inc -I"C:/Users/corre/coding/November-Car-2/DisplayTest3/Drivers/UI" -I"C:/Users/corre/coding/November-Car-2/DisplayTest3/Drivers/lvgl" -I../Drivers/STM32F7xx_HAL_Driver/Inc -I../Drivers/STM32F7xx_HAL_Driver/Inc/Legacy -I../Drivers/CMSIS/Device/ST/STM32F7xx/Include -I../Drivers/CMSIS/Include -O0 -ffunction-sections -fdata-sections -Wall -fstack-usage -fcyclomatic-complexity -MMD -MP -MF"Core/Src/stm32f7xx_hal_msp.d" -MT"Core/Src/stm32f7xx_hal_msp.o" --specs=nano.specs -mfpu=fpv5-d16 -mfloat-abi=hard -mthumb -o "Core/Src/stm32f7xx_hal_msp.o"
arm-none-eabi-gcc "../Core/Src/stm32f7xx_it.c" -mcpu=cortex-m7 -std=gnu11 -g3 -DDEBUG -DUSE_HAL_DRIVER -DSTM32F767xx -c -I../Core/Inc -I"C:/Users/corre/coding/November-Car-2/DisplayTest3/Drivers/UI" -I"C:/Users/corre/coding/November-Car-2/DisplayTest3/Drivers/lvgl" -I../Drivers/STM32F7xx_HAL_Driver/Inc -I../Drivers/STM32F7xx_HAL_Driver/Inc/Legacy -I../Drivers/CMSIS/Device/ST/STM32F7xx/Include -I../Drivers/CMSIS/Include -O0 -ffunction-sections -fdata-sections -Wall -fstack-usage -fcyclomatic-complexity -MMD -MP -MF"Core/Src/stm32f7xx_it.d" -MT"Core/Src/stm32f7xx_it.o" --specs=nano.specs -mfpu=fpv5-d16 -mfloat-abi=hard -mthumb -o "Core/Src/stm32f7xx_it.o"
../Core/Src/stm32f7xx_it.c: In function 'SysTick_Handler':
../Core/Src/stm32f7xx_it.c:187:3: warning: implicit declaration of function 'lv_tick_inc' [-Wimplicit-function-declaration]
  187 |   lv_tick_inc(1);
      |   ^~~~~~~~~~~
../Core/Src/stm32f7xx_it.c: In function 'DMA2D_IRQHandler':
../Core/Src/stm32f7xx_it.c:226:3: warning: implicit declaration of function 'dma2d_done' [-Wimplicit-function-declaration]
  226 |   dma2d_done(hdma2d);
      |   ^~~~~~~~~~
arm-none-eabi-gcc -o "DisplayTest3.elf" @"objects.list"   -mcpu=cortex-m7 -T"C:\Users\corre\coding\November-Car-2\DisplayTest3\STM32F767ZITX_FLASH.ld" --specs=nosys.specs -Wl,-Map="DisplayTest3.map" -Wl,--gc-sections -static --specs=nano.specs -mfpu=fpv5-d16 -mfloat-abi=hard -mthumb -Wl,--start-group -lc -lm -Wl,--end-group
C:/ST/STM32CubeIDE_1.16.1/STM32CubeIDE/plugins/com.st.stm32cube.ide.mcu.externaltools.gnu-tools-for-stm32.12.3.rel1.win32_1.0.200.202406191623/tools/bin/../lib/gcc/arm-none-eabi/12.3.1/../../../../arm-none-eabi/bin/ld.exe: warning: DisplayTest3.elf has a LOAD segment with RWX permissions
Finished building target: DisplayTest3.elf
 
arm-none-eabi-size  DisplayTest3.elf 
arm-none-eabi-objdump -h -S DisplayTest3.elf  > "DisplayTest3.list"
   text	   data	    bss	    dec	    hex	filename
 725812	    328	 444776	1170916	 11dde4	DisplayTest3.elf
Finished building: default.size.stdout
 
Finished building: DisplayTest3.list
 

21:32:49 Build Finished. 0 errors, 3 warnings. (took 13s.231ms)

