17:06:15 **** Build of configuration Debug for project Mainboard ****
make -j22 all 
arm-none-eabi-gcc "../Core/Src/main.c" -mcpu=cortex-m7 -std=gnu11 -g3 -DDEBUG -DUSE_HAL_DRIVER -DSTM32F767xx -c -I../Core/Inc -I../Drivers/STM32F7xx_HAL_Driver/Inc -I../Drivers/STM32F7xx_HAL_Driver/Inc/Legacy -I../Drivers/CMSIS/Device/ST/STM32F7xx/Include -I../Drivers/CMSIS/Include -O0 -ffunction-sections -fdata-sections -Wall -fstack-usage -fcyclomatic-complexity -MMD -MP -MF"Core/Src/main.d" -MT"Core/Src/main.o" --specs=nano.specs -mfpu=fpv5-d16 -mfloat-abi=hard -mthumb -o "Core/Src/main.o"
../Core/Src/main.c: In function 'main':
../Core/Src/main.c:136:7: warning: unused variable 'arr' [-Wunused-variable]
  136 |   int arr[size];
      |       ^~~
arm-none-eabi-gcc -o "Mainboard.elf" @"objects.list"   -mcpu=cortex-m7 -T"C:\Users\corre\coding\November-Car-2\Mainboard\STM32F767ZITX_FLASH.ld" --specs=nosys.specs -Wl,-Map="Mainboard.map" -Wl,--gc-sections -static --specs=nano.specs -mfpu=fpv5-d16 -mfloat-abi=hard -mthumb -Wl,--start-group -lc -lm -Wl,--end-group
Finished building target: Mainboard.elf
 
arm-none-eabi-size  Mainboard.elf 
arm-none-eabi-objdump -h -S Mainboard.elf  > "Mainboard.list"
   text	   data	    bss	    dec	    hex	filename
  14416	    116	   1764	  16296	   3fa8	Mainboard.elf
Finished building: default.size.stdout
 
Finished building: Mainboard.list
 

17:06:19 Build Finished. 0 errors, 1 warnings. (took 3s.742ms)

