11:59:20 **** Incremental Build of configuration Debug for project Mainboard ****
make -j22 all 
arm-none-eabi-gcc "../Core/Src/publisher.c" -mcpu=cortex-m7 -std=gnu11 -g3 -DDEBUG -DUSE_HAL_DRIVER -DSTM32F767xx -c -I../Core/Inc -I../Drivers/STM32F7xx_HAL_Driver/Inc -I../Drivers/STM32F7xx_HAL_Driver/Inc/Legacy -I../Drivers/CMSIS/Device/ST/STM32F7xx/Include -I../Drivers/CMSIS/Include -O0 -ffunction-sections -fdata-sections -Wall -fstack-usage -fcyclomatic-complexity -MMD -MP -MF"Core/Src/publisher.d" -MT"Core/Src/publisher.o" --specs=nano.specs -mfpu=fpv5-d16 -mfloat-abi=hard -mthumb -o "Core/Src/publisher.o"
arm-none-eabi-gcc -o "Mainboard.elf" @"objects.list"   -mcpu=cortex-m7 -T"C:\Users\corre\coding\November-Car-2\Mainboard\STM32F767ZITX_FLASH.ld" --specs=nosys.specs -Wl,-Map="Mainboard.map" -Wl,--gc-sections -static --specs=nano.specs -mfpu=fpv5-d16 -mfloat-abi=hard -mthumb -Wl,--start-group -lc -lm -Wl,--end-group
Finished building target: Mainboard.elf
 
arm-none-eabi-size  Mainboard.elf 
arm-none-eabi-objdump -h -S Mainboard.elf  > "Mainboard.list"
   text	   data	    bss	    dec	    hex	filename
  12008	     12	   1684	  13704	   3588	Mainboard.elf
Finished building: default.size.stdout
 
Finished building: Mainboard.list
 

11:59:21 Build Finished. 0 errors, 0 warnings. (took 1s.215ms)

