../Core/Src/main.c:68:6:HAL_CAN_RxFifo0MsgPendingCallback	16	static
../Core/Src/main.c:73:6:HAL_GPIO_EXTI_Callback	16	static
../Core/Src/main.c:77:6:bms_parameter_handler	4	static
../Core/Src/main.c:86:5:main	8	static
../Core/Src/main.c:144:6:SystemClock_Config	88	static
../Core/Src/main.c:191:13:MX_CAN1_Init	48	static
../Core/Src/main.c:241:13:MX_TIM2_Init	40	static
../Core/Src/main.c:286:13:MX_GPIO_Init	48	static
../Core/Src/main.c:351:6:MPU_Config	24	static
../Core/Src/main.c:382:6:Error_Handler	4	static,ignoring_inline_asm
