../Drivers/lvgl/src/misc/lv_array.c:39:6:lv_array_init	8	static
../Drivers/lvgl/src/misc/lv_array.c:50:6:lv_array_init_from_buf	8	static
../Drivers/lvgl/src/misc/lv_array.c:61:6:lv_array_deinit	8	static
../Drivers/lvgl/src/misc/lv_array.c:72:6:lv_array_copy	16	static
../Drivers/lvgl/src/misc/lv_array.c:138:6:lv_array_resize	16	static
../Drivers/lvgl/src/misc/lv_array.c:83:6:lv_array_shrink	0	static
../Drivers/lvgl/src/misc/lv_array.c:158:13:lv_array_concat	24	static
../Drivers/lvgl/src/misc/lv_array.c:175:13:lv_array_push_back	16	static
../Drivers/lvgl/src/misc/lv_array.c:197:8:lv_array_at	0	static
../Drivers/lvgl/src/misc/lv_array.c:90:13:lv_array_remove	16	static
../Drivers/lvgl/src/misc/lv_array.c:112:13:lv_array_erase	24	static
../Drivers/lvgl/src/misc/lv_array.c:207:13:lv_array_assign	16	static
../Drivers/lvgl/src/misc/lv_array.c:216:10:lv_array_size	0	static
../Drivers/lvgl/src/misc/lv_array.c:221:10:lv_array_capacity	0	static
../Drivers/lvgl/src/misc/lv_array.c:226:6:lv_array_is_empty	0	static
../Drivers/lvgl/src/misc/lv_array.c:231:6:lv_array_is_full	0	static
../Drivers/lvgl/src/misc/lv_array.c:236:6:lv_array_clear	0	static
../Drivers/lvgl/src/misc/lv_array.c:241:8:lv_array_front	0	static
../Drivers/lvgl/src/misc/lv_array.c:246:8:lv_array_back	0	static
