../Drivers/lvgl/src/misc/lv_iter.c:202:13:peek_fill_cb	8	static
../Drivers/lvgl/src/misc/lv_iter.c:60:13:lv_iter_create	24	static
../Drivers/lvgl/src/misc/lv_iter.c:84:8:lv_iter_get_context	0	static
../Drivers/lvgl/src/misc/lv_iter.c:91:6:lv_iter_destroy	8	static
../Drivers/lvgl/src/misc/lv_iter.c:105:6:lv_iter_make_peekable	8	static
../Drivers/lvgl/src/misc/lv_iter.c:115:13:lv_iter_next	16	static
../Drivers/lvgl/src/misc/lv_iter.c:136:13:lv_iter_peek	24	static
../Drivers/lvgl/src/misc/lv_iter.c:156:13:lv_iter_peek_advance	16	static
../Drivers/lvgl/src/misc/lv_iter.c:167:13:lv_iter_peek_reset	0	static
../Drivers/lvgl/src/misc/lv_iter.c:178:6:lv_iter_inspect	16	static
