../Drivers/lvgl/src/misc/lv_text.c:551:16:lv_text_utf8_size	0	static
../Drivers/lvgl/src/misc/lv_text.c:633:17:lv_text_utf8_next	24	static
../Drivers/lvgl/src/misc/lv_text.c:741:17:lv_text_utf8_get_byte_id	16	static
../Drivers/lvgl/src/misc/lv_text.c:761:17:lv_text_utf8_get_char_id	24	static
../Drivers/lvgl/src/misc/lv_text.c:780:17:lv_text_utf8_get_length	24	static
../Drivers/lvgl/src/misc/lv_text.c:605:17:lv_text_utf8_conv_wc	24	static
../Drivers/lvgl/src/misc/../../../lvgl/src/misc/lv_text_private.h:110:20:lv_text_is_a_word	0	static
../Drivers/lvgl/src/misc/lv_text.c:569:17:lv_text_unicode_to_utf8	8	static
../Drivers/lvgl/src/misc/lv_text.c:708:17:lv_text_utf8_prev	24	static
../Drivers/lvgl/src/misc/lv_text.c:139:6:lv_text_is_cmd	0	static
../Drivers/lvgl/src/misc/lv_text.c:318:10:lv_text_get_next_line	104	static
../Drivers/lvgl/src/misc/lv_text.c:456:6:lv_text_ins	24	static
../Drivers/lvgl/src/misc/lv_text.c:477:6:lv_text_cut	24	static
../Drivers/lvgl/src/misc/lv_text.c:493:8:lv_text_set_text_vfmt	32	static
../Drivers/lvgl/src/misc/lv_text.c:535:6:lv_text_encoded_letter_next_2	24	static
../Drivers/lvgl/src/misc/lv_text.c:386:9:lv_text_get_width	40	static
../Drivers/lvgl/src/misc/lv_text.c:92:6:lv_text_get_size	56	static
../Drivers/lvgl/src/misc/lv_text.c:417:9:lv_text_get_width_with_flags	48	static
